ERROR: Cannot connect to the Docker daemon at unix:///Users/abdulrauf/.docker/run/docker.sock. Is the docker daemon running?
